// Jest Snapshot v1, https://goo.gl/fbAQLP

exports[`send password reset email should send an email to user to reset their password 1`] = `
Object {
  "data": Object {
    "verifyAndSendPasswordResetEmail": Object {
      "message": "Reset password email has been sent to John Doe",
      "success": true,
    },
  },
  "errors": undefined,
  "extensions": undefined,
  "http": Object {
    "headers": Headers {
      Symbol(map): Object {},
    },
  },
}
`;
